// Jest Snapshot v1, https://goo.gl/fbAQLP

exports[`Calling the preference page Should render preferences 1`] = `
Object {
  "asFragment": [Function],
  "baseElement": <body>
    <div>
      <form>
        <div
          class="form-group"
        >
          <label
            class="label-description"
            for="themeSelector"
            id="themeLabel"
          >
            feedback.ui.theme-description
          </label>
          <select
            class="form-select form-select-sm"
            id="themeSelector"
            title="feedback.ui.theme-select"
          >
            <option
              value="light"
            >
              value.ui.theme-light
            </option>
            <option
              value="dark"
            >
              value.ui.theme-dark
            </option>
            <option
              value="pastel"
            >
              value.ui.theme-pastel
            </option>
            <option
              value="ocean"
            >
              value.ui.theme-ocean
            </option>
          </select>
          <small
            class="form-text text-muted"
            hmtlfor="themeLabel"
            id="themeHelp"
          >
            feedback.ui.theme-help
          </small>
        </div>
        <br />
        <div
          class="form-group"
        >
          <label
            class="label-description"
            for="bytesBaseInput"
          >
            feedback.ui.byte-representation-description
          </label>
          <select
            class="form-select form-select-sm"
            id="bytesBaseInput"
            title="feedback.ui.byte-representation-select"
          >
            <option
              value="true"
            >
              value.ui.byte-representation-base2
            </option>
            <option
              value="false"
            >
              value.ui.byte-representation-base10
            </option>
          </select>
          <small
            class="form-text text-muted"
            hmtlfor="bytesBaseInput"
            id="bytesHelp"
          >
            feedback.ui.byte-representation-help
          </small>
        </div>
        <br />
        <div
          class="form-group"
        >
          <label
            class="label-description"
          >
            feedback.ui.appearance
          </label>
          <select
            class="form-select form-select-sm"
            id="appearanceInput"
            title="feedback.ui.appearance-hint"
          >
            <option
              value="fs-6"
            >
              value.ui.appearance-small
            </option>
            <option
              value="fs-5"
            >
              value.ui.appearance-medium
            </option>
            <option
              value="fs-4"
            >
              value.ui.appearance-large
            </option>
          </select>
          <small
            class="form-text text-muted"
            hmtlfor="appearanceInput"
            id="appearanceHelp"
          >
            feedback.ui.appearance-help
          </small>
        </div>
        <br />
        <div
          class="form-group"
        >
          <label
            class="label-description"
          >
            feedback.ui.pagesize-description
          </label>
          <input
            class="form-control form-control-sm"
            disabled=""
            id="pageSizeInput"
            placeholder="feedback.ui.pagesize-hint"
            type="text"
            value=""
          />
          <small
            class="form-text text-muted"
            hmtlfor="pageSizeInput"
            id="pageSizeHelp"
          >
            feedback.ui.pagesize-help
          </small>
        </div>
      </form>
    </div>
  </body>,
  "container": <div>
    <form>
      <div
        class="form-group"
      >
        <label
          class="label-description"
          for="themeSelector"
          id="themeLabel"
        >
          feedback.ui.theme-description
        </label>
        <select
          class="form-select form-select-sm"
          id="themeSelector"
          title="feedback.ui.theme-select"
        >
          <option
            value="light"
          >
            value.ui.theme-light
          </option>
          <option
            value="dark"
          >
            value.ui.theme-dark
          </option>
          <option
            value="pastel"
          >
            value.ui.theme-pastel
          </option>
          <option
            value="ocean"
          >
            value.ui.theme-ocean
          </option>
        </select>
        <small
          class="form-text text-muted"
          hmtlfor="themeLabel"
          id="themeHelp"
        >
          feedback.ui.theme-help
        </small>
      </div>
      <br />
      <div
        class="form-group"
      >
        <label
          class="label-description"
          for="bytesBaseInput"
        >
          feedback.ui.byte-representation-description
        </label>
        <select
          class="form-select form-select-sm"
          id="bytesBaseInput"
          title="feedback.ui.byte-representation-select"
        >
          <option
            value="true"
          >
            value.ui.byte-representation-base2
          </option>
          <option
            value="false"
          >
            value.ui.byte-representation-base10
          </option>
        </select>
        <small
          class="form-text text-muted"
          hmtlfor="bytesBaseInput"
          id="bytesHelp"
        >
          feedback.ui.byte-representation-help
        </small>
      </div>
      <br />
      <div
        class="form-group"
      >
        <label
          class="label-description"
        >
          feedback.ui.appearance
        </label>
        <select
          class="form-select form-select-sm"
          id="appearanceInput"
          title="feedback.ui.appearance-hint"
        >
          <option
            value="fs-6"
          >
            value.ui.appearance-small
          </option>
          <option
            value="fs-5"
          >
            value.ui.appearance-medium
          </option>
          <option
            value="fs-4"
          >
            value.ui.appearance-large
          </option>
        </select>
        <small
          class="form-text text-muted"
          hmtlfor="appearanceInput"
          id="appearanceHelp"
        >
          feedback.ui.appearance-help
        </small>
      </div>
      <br />
      <div
        class="form-group"
      >
        <label
          class="label-description"
        >
          feedback.ui.pagesize-description
        </label>
        <input
          class="form-control form-control-sm"
          disabled=""
          id="pageSizeInput"
          placeholder="feedback.ui.pagesize-hint"
          type="text"
          value=""
        />
        <small
          class="form-text text-muted"
          hmtlfor="pageSizeInput"
          id="pageSizeHelp"
        >
          feedback.ui.pagesize-help
        </small>
      </div>
    </form>
  </div>,
  "debug": [Function],
  "findAllByAltText": [Function],
  "findAllByDisplayValue": [Function],
  "findAllByLabelText": [Function],
  "findAllByPlaceholderText": [Function],
  "findAllByRole": [Function],
  "findAllByTestId": [Function],
  "findAllByText": [Function],
  "findAllByTitle": [Function],
  "findByAltText": [Function],
  "findByDisplayValue": [Function],
  "findByLabelText": [Function],
  "findByPlaceholderText": [Function],
  "findByRole": [Function],
  "findByTestId": [Function],
  "findByText": [Function],
  "findByTitle": [Function],
  "getAllByAltText": [Function],
  "getAllByDisplayValue": [Function],
  "getAllByLabelText": [Function],
  "getAllByPlaceholderText": [Function],
  "getAllByRole": [Function],
  "getAllByTestId": [Function],
  "getAllByText": [Function],
  "getAllByTitle": [Function],
  "getByAltText": [Function],
  "getByDisplayValue": [Function],
  "getByLabelText": [Function],
  "getByPlaceholderText": [Function],
  "getByRole": [Function],
  "getByTestId": [Function],
  "getByText": [Function],
  "getByTitle": [Function],
  "queryAllByAltText": [Function],
  "queryAllByDisplayValue": [Function],
  "queryAllByLabelText": [Function],
  "queryAllByPlaceholderText": [Function],
  "queryAllByRole": [Function],
  "queryAllByTestId": [Function],
  "queryAllByText": [Function],
  "queryAllByTitle": [Function],
  "queryByAltText": [Function],
  "queryByDisplayValue": [Function],
  "queryByLabelText": [Function],
  "queryByPlaceholderText": [Function],
  "queryByRole": [Function],
  "queryByTestId": [Function],
  "queryByText": [Function],
  "queryByTitle": [Function],
  "rerender": [Function],
  "unmount": [Function],
}
`;

exports[`Select the light theme Should select light theme 1`] = `
Object {
  "asFragment": [Function],
  "baseElement": <body>
    <div>
      <form>
        <div
          class="form-group"
        >
          <label
            class="label-description"
            for="themeSelector"
            id="themeLabel"
          >
            feedback.ui.theme-description
          </label>
          <select
            class="form-select form-select-sm"
            id="themeSelector"
            title="feedback.ui.theme-select"
          >
            <option
              value="light"
            >
              value.ui.theme-light
            </option>
            <option
              value="dark"
            >
              value.ui.theme-dark
            </option>
            <option
              value="pastel"
            >
              value.ui.theme-pastel
            </option>
            <option
              value="ocean"
            >
              value.ui.theme-ocean
            </option>
          </select>
          <small
            class="form-text text-muted"
            hmtlfor="themeLabel"
            id="themeHelp"
          >
            feedback.ui.theme-help
          </small>
        </div>
        <br />
        <div
          class="form-group"
        >
          <label
            class="label-description"
            for="bytesBaseInput"
          >
            feedback.ui.byte-representation-description
          </label>
          <select
            class="form-select form-select-sm"
            id="bytesBaseInput"
            title="feedback.ui.byte-representation-select"
          >
            <option
              value="true"
            >
              value.ui.byte-representation-base2
            </option>
            <option
              value="false"
            >
              value.ui.byte-representation-base10
            </option>
          </select>
          <small
            class="form-text text-muted"
            hmtlfor="bytesBaseInput"
            id="bytesHelp"
          >
            feedback.ui.byte-representation-help
          </small>
        </div>
        <br />
        <div
          class="form-group"
        >
          <label
            class="label-description"
          >
            feedback.ui.appearance
          </label>
          <select
            class="form-select form-select-sm"
            id="appearanceInput"
            title="feedback.ui.appearance-hint"
          >
            <option
              value="fs-6"
            >
              value.ui.appearance-small
            </option>
            <option
              value="fs-5"
            >
              value.ui.appearance-medium
            </option>
            <option
              value="fs-4"
            >
              value.ui.appearance-large
            </option>
          </select>
          <small
            class="form-text text-muted"
            hmtlfor="appearanceInput"
            id="appearanceHelp"
          >
            feedback.ui.appearance-help
          </small>
        </div>
        <br />
        <div
          class="form-group"
        >
          <label
            class="label-description"
          >
            feedback.ui.pagesize-description
          </label>
          <input
            class="form-control form-control-sm"
            disabled=""
            id="pageSizeInput"
            placeholder="feedback.ui.pagesize-hint"
            type="text"
            value=""
          />
          <small
            class="form-text text-muted"
            hmtlfor="pageSizeInput"
            id="pageSizeHelp"
          >
            feedback.ui.pagesize-help
          </small>
        </div>
      </form>
    </div>
  </body>,
  "container": <div>
    <form>
      <div
        class="form-group"
      >
        <label
          class="label-description"
          for="themeSelector"
          id="themeLabel"
        >
          feedback.ui.theme-description
        </label>
        <select
          class="form-select form-select-sm"
          id="themeSelector"
          title="feedback.ui.theme-select"
        >
          <option
            value="light"
          >
            value.ui.theme-light
          </option>
          <option
            value="dark"
          >
            value.ui.theme-dark
          </option>
          <option
            value="pastel"
          >
            value.ui.theme-pastel
          </option>
          <option
            value="ocean"
          >
            value.ui.theme-ocean
          </option>
        </select>
        <small
          class="form-text text-muted"
          hmtlfor="themeLabel"
          id="themeHelp"
        >
          feedback.ui.theme-help
        </small>
      </div>
      <br />
      <div
        class="form-group"
      >
        <label
          class="label-description"
          for="bytesBaseInput"
        >
          feedback.ui.byte-representation-description
        </label>
        <select
          class="form-select form-select-sm"
          id="bytesBaseInput"
          title="feedback.ui.byte-representation-select"
        >
          <option
            value="true"
          >
            value.ui.byte-representation-base2
          </option>
          <option
            value="false"
          >
            value.ui.byte-representation-base10
          </option>
        </select>
        <small
          class="form-text text-muted"
          hmtlfor="bytesBaseInput"
          id="bytesHelp"
        >
          feedback.ui.byte-representation-help
        </small>
      </div>
      <br />
      <div
        class="form-group"
      >
        <label
          class="label-description"
        >
          feedback.ui.appearance
        </label>
        <select
          class="form-select form-select-sm"
          id="appearanceInput"
          title="feedback.ui.appearance-hint"
        >
          <option
            value="fs-6"
          >
            value.ui.appearance-small
          </option>
          <option
            value="fs-5"
          >
            value.ui.appearance-medium
          </option>
          <option
            value="fs-4"
          >
            value.ui.appearance-large
          </option>
        </select>
        <small
          class="form-text text-muted"
          hmtlfor="appearanceInput"
          id="appearanceHelp"
        >
          feedback.ui.appearance-help
        </small>
      </div>
      <br />
      <div
        class="form-group"
      >
        <label
          class="label-description"
        >
          feedback.ui.pagesize-description
        </label>
        <input
          class="form-control form-control-sm"
          disabled=""
          id="pageSizeInput"
          placeholder="feedback.ui.pagesize-hint"
          type="text"
          value=""
        />
        <small
          class="form-text text-muted"
          hmtlfor="pageSizeInput"
          id="pageSizeHelp"
        >
          feedback.ui.pagesize-help
        </small>
      </div>
    </form>
  </div>,
  "debug": [Function],
  "findAllByAltText": [Function],
  "findAllByDisplayValue": [Function],
  "findAllByLabelText": [Function],
  "findAllByPlaceholderText": [Function],
  "findAllByRole": [Function],
  "findAllByTestId": [Function],
  "findAllByText": [Function],
  "findAllByTitle": [Function],
  "findByAltText": [Function],
  "findByDisplayValue": [Function],
  "findByLabelText": [Function],
  "findByPlaceholderText": [Function],
  "findByRole": [Function],
  "findByTestId": [Function],
  "findByText": [Function],
  "findByTitle": [Function],
  "getAllByAltText": [Function],
  "getAllByDisplayValue": [Function],
  "getAllByLabelText": [Function],
  "getAllByPlaceholderText": [Function],
  "getAllByRole": [Function],
  "getAllByTestId": [Function],
  "getAllByText": [Function],
  "getAllByTitle": [Function],
  "getByAltText": [Function],
  "getByDisplayValue": [Function],
  "getByLabelText": [Function],
  "getByPlaceholderText": [Function],
  "getByRole": [Function],
  "getByTestId": [Function],
  "getByText": [Function],
  "getByTitle": [Function],
  "queryAllByAltText": [Function],
  "queryAllByDisplayValue": [Function],
  "queryAllByLabelText": [Function],
  "queryAllByPlaceholderText": [Function],
  "queryAllByRole": [Function],
  "queryAllByTestId": [Function],
  "queryAllByText": [Function],
  "queryAllByTitle": [Function],
  "queryByAltText": [Function],
  "queryByDisplayValue": [Function],
  "queryByLabelText": [Function],
  "queryByPlaceholderText": [Function],
  "queryByRole": [Function],
  "queryByTestId": [Function],
  "queryByText": [Function],
  "queryByTitle": [Function],
  "rerender": [Function],
  "unmount": [Function],
}
`;

exports[`Test byte representation Should have two options 1`] = `
Object {
  "asFragment": [Function],
  "baseElement": <body>
    <div>
      <form>
        <div
          class="form-group"
        >
          <label
            class="label-description"
            for="themeSelector"
            id="themeLabel"
          >
            feedback.ui.theme-description
          </label>
          <select
            class="form-select form-select-sm"
            id="themeSelector"
            title="feedback.ui.theme-select"
          >
            <option
              value="light"
            >
              value.ui.theme-light
            </option>
            <option
              value="dark"
            >
              value.ui.theme-dark
            </option>
            <option
              value="pastel"
            >
              value.ui.theme-pastel
            </option>
            <option
              value="ocean"
            >
              value.ui.theme-ocean
            </option>
          </select>
          <small
            class="form-text text-muted"
            hmtlfor="themeLabel"
            id="themeHelp"
          >
            feedback.ui.theme-help
          </small>
        </div>
        <br />
        <div
          class="form-group"
        >
          <label
            class="label-description"
            for="bytesBaseInput"
          >
            feedback.ui.byte-representation-description
          </label>
          <select
            class="form-select form-select-sm"
            id="bytesBaseInput"
            title="feedback.ui.byte-representation-select"
          >
            <option
              value="true"
            >
              value.ui.byte-representation-base2
            </option>
            <option
              value="false"
            >
              value.ui.byte-representation-base10
            </option>
          </select>
          <small
            class="form-text text-muted"
            hmtlfor="bytesBaseInput"
            id="bytesHelp"
          >
            feedback.ui.byte-representation-help
          </small>
        </div>
        <br />
        <div
          class="form-group"
        >
          <label
            class="label-description"
          >
            feedback.ui.appearance
          </label>
          <select
            class="form-select form-select-sm"
            id="appearanceInput"
            title="feedback.ui.appearance-hint"
          >
            <option
              value="fs-6"
            >
              value.ui.appearance-small
            </option>
            <option
              value="fs-5"
            >
              value.ui.appearance-medium
            </option>
            <option
              value="fs-4"
            >
              value.ui.appearance-large
            </option>
          </select>
          <small
            class="form-text text-muted"
            hmtlfor="appearanceInput"
            id="appearanceHelp"
          >
            feedback.ui.appearance-help
          </small>
        </div>
        <br />
        <div
          class="form-group"
        >
          <label
            class="label-description"
          >
            feedback.ui.pagesize-description
          </label>
          <input
            class="form-control form-control-sm"
            disabled=""
            id="pageSizeInput"
            placeholder="feedback.ui.pagesize-hint"
            type="text"
            value=""
          />
          <small
            class="form-text text-muted"
            hmtlfor="pageSizeInput"
            id="pageSizeHelp"
          >
            feedback.ui.pagesize-help
          </small>
        </div>
      </form>
    </div>
  </body>,
  "container": <div>
    <form>
      <div
        class="form-group"
      >
        <label
          class="label-description"
          for="themeSelector"
          id="themeLabel"
        >
          feedback.ui.theme-description
        </label>
        <select
          class="form-select form-select-sm"
          id="themeSelector"
          title="feedback.ui.theme-select"
        >
          <option
            value="light"
          >
            value.ui.theme-light
          </option>
          <option
            value="dark"
          >
            value.ui.theme-dark
          </option>
          <option
            value="pastel"
          >
            value.ui.theme-pastel
          </option>
          <option
            value="ocean"
          >
            value.ui.theme-ocean
          </option>
        </select>
        <small
          class="form-text text-muted"
          hmtlfor="themeLabel"
          id="themeHelp"
        >
          feedback.ui.theme-help
        </small>
      </div>
      <br />
      <div
        class="form-group"
      >
        <label
          class="label-description"
          for="bytesBaseInput"
        >
          feedback.ui.byte-representation-description
        </label>
        <select
          class="form-select form-select-sm"
          id="bytesBaseInput"
          title="feedback.ui.byte-representation-select"
        >
          <option
            value="true"
          >
            value.ui.byte-representation-base2
          </option>
          <option
            value="false"
          >
            value.ui.byte-representation-base10
          </option>
        </select>
        <small
          class="form-text text-muted"
          hmtlfor="bytesBaseInput"
          id="bytesHelp"
        >
          feedback.ui.byte-representation-help
        </small>
      </div>
      <br />
      <div
        class="form-group"
      >
        <label
          class="label-description"
        >
          feedback.ui.appearance
        </label>
        <select
          class="form-select form-select-sm"
          id="appearanceInput"
          title="feedback.ui.appearance-hint"
        >
          <option
            value="fs-6"
          >
            value.ui.appearance-small
          </option>
          <option
            value="fs-5"
          >
            value.ui.appearance-medium
          </option>
          <option
            value="fs-4"
          >
            value.ui.appearance-large
          </option>
        </select>
        <small
          class="form-text text-muted"
          hmtlfor="appearanceInput"
          id="appearanceHelp"
        >
          feedback.ui.appearance-help
        </small>
      </div>
      <br />
      <div
        class="form-group"
      >
        <label
          class="label-description"
        >
          feedback.ui.pagesize-description
        </label>
        <input
          class="form-control form-control-sm"
          disabled=""
          id="pageSizeInput"
          placeholder="feedback.ui.pagesize-hint"
          type="text"
          value=""
        />
        <small
          class="form-text text-muted"
          hmtlfor="pageSizeInput"
          id="pageSizeHelp"
        >
          feedback.ui.pagesize-help
        </small>
      </div>
    </form>
  </div>,
  "debug": [Function],
  "findAllByAltText": [Function],
  "findAllByDisplayValue": [Function],
  "findAllByLabelText": [Function],
  "findAllByPlaceholderText": [Function],
  "findAllByRole": [Function],
  "findAllByTestId": [Function],
  "findAllByText": [Function],
  "findAllByTitle": [Function],
  "findByAltText": [Function],
  "findByDisplayValue": [Function],
  "findByLabelText": [Function],
  "findByPlaceholderText": [Function],
  "findByRole": [Function],
  "findByTestId": [Function],
  "findByText": [Function],
  "findByTitle": [Function],
  "getAllByAltText": [Function],
  "getAllByDisplayValue": [Function],
  "getAllByLabelText": [Function],
  "getAllByPlaceholderText": [Function],
  "getAllByRole": [Function],
  "getAllByTestId": [Function],
  "getAllByText": [Function],
  "getAllByTitle": [Function],
  "getByAltText": [Function],
  "getByDisplayValue": [Function],
  "getByLabelText": [Function],
  "getByPlaceholderText": [Function],
  "getByRole": [Function],
  "getByTestId": [Function],
  "getByText": [Function],
  "getByTitle": [Function],
  "queryAllByAltText": [Function],
  "queryAllByDisplayValue": [Function],
  "queryAllByLabelText": [Function],
  "queryAllByPlaceholderText": [Function],
  "queryAllByRole": [Function],
  "queryAllByTestId": [Function],
  "queryAllByText": [Function],
  "queryAllByTitle": [Function],
  "queryByAltText": [Function],
  "queryByDisplayValue": [Function],
  "queryByLabelText": [Function],
  "queryByPlaceholderText": [Function],
  "queryByRole": [Function],
  "queryByTestId": [Function],
  "queryByText": [Function],
  "queryByTitle": [Function],
  "rerender": [Function],
  "unmount": [Function],
}
`;

exports[`Test number of themes Should have four themes 1`] = `
Object {
  "asFragment": [Function],
  "baseElement": <body>
    <div>
      <form>
        <div
          class="form-group"
        >
          <label
            class="label-description"
            for="themeSelector"
            id="themeLabel"
          >
            feedback.ui.theme-description
          </label>
          <select
            class="form-select form-select-sm"
            id="themeSelector"
            title="feedback.ui.theme-select"
          >
            <option
              value="light"
            >
              value.ui.theme-light
            </option>
            <option
              value="dark"
            >
              value.ui.theme-dark
            </option>
            <option
              value="pastel"
            >
              value.ui.theme-pastel
            </option>
            <option
              value="ocean"
            >
              value.ui.theme-ocean
            </option>
          </select>
          <small
            class="form-text text-muted"
            hmtlfor="themeLabel"
            id="themeHelp"
          >
            feedback.ui.theme-help
          </small>
        </div>
        <br />
        <div
          class="form-group"
        >
          <label
            class="label-description"
            for="bytesBaseInput"
          >
            feedback.ui.byte-representation-description
          </label>
          <select
            class="form-select form-select-sm"
            id="bytesBaseInput"
            title="feedback.ui.byte-representation-select"
          >
            <option
              value="true"
            >
              value.ui.byte-representation-base2
            </option>
            <option
              value="false"
            >
              value.ui.byte-representation-base10
            </option>
          </select>
          <small
            class="form-text text-muted"
            hmtlfor="bytesBaseInput"
            id="bytesHelp"
          >
            feedback.ui.byte-representation-help
          </small>
        </div>
        <br />
        <div
          class="form-group"
        >
          <label
            class="label-description"
          >
            feedback.ui.appearance
          </label>
          <select
            class="form-select form-select-sm"
            id="appearanceInput"
            title="feedback.ui.appearance-hint"
          >
            <option
              value="fs-6"
            >
              value.ui.appearance-small
            </option>
            <option
              value="fs-5"
            >
              value.ui.appearance-medium
            </option>
            <option
              value="fs-4"
            >
              value.ui.appearance-large
            </option>
          </select>
          <small
            class="form-text text-muted"
            hmtlfor="appearanceInput"
            id="appearanceHelp"
          >
            feedback.ui.appearance-help
          </small>
        </div>
        <br />
        <div
          class="form-group"
        >
          <label
            class="label-description"
          >
            feedback.ui.pagesize-description
          </label>
          <input
            class="form-control form-control-sm"
            disabled=""
            id="pageSizeInput"
            placeholder="feedback.ui.pagesize-hint"
            type="text"
            value=""
          />
          <small
            class="form-text text-muted"
            hmtlfor="pageSizeInput"
            id="pageSizeHelp"
          >
            feedback.ui.pagesize-help
          </small>
        </div>
      </form>
    </div>
  </body>,
  "container": <div>
    <form>
      <div
        class="form-group"
      >
        <label
          class="label-description"
          for="themeSelector"
          id="themeLabel"
        >
          feedback.ui.theme-description
        </label>
        <select
          class="form-select form-select-sm"
          id="themeSelector"
          title="feedback.ui.theme-select"
        >
          <option
            value="light"
          >
            value.ui.theme-light
          </option>
          <option
            value="dark"
          >
            value.ui.theme-dark
          </option>
          <option
            value="pastel"
          >
            value.ui.theme-pastel
          </option>
          <option
            value="ocean"
          >
            value.ui.theme-ocean
          </option>
        </select>
        <small
          class="form-text text-muted"
          hmtlfor="themeLabel"
          id="themeHelp"
        >
          feedback.ui.theme-help
        </small>
      </div>
      <br />
      <div
        class="form-group"
      >
        <label
          class="label-description"
          for="bytesBaseInput"
        >
          feedback.ui.byte-representation-description
        </label>
        <select
          class="form-select form-select-sm"
          id="bytesBaseInput"
          title="feedback.ui.byte-representation-select"
        >
          <option
            value="true"
          >
            value.ui.byte-representation-base2
          </option>
          <option
            value="false"
          >
            value.ui.byte-representation-base10
          </option>
        </select>
        <small
          class="form-text text-muted"
          hmtlfor="bytesBaseInput"
          id="bytesHelp"
        >
          feedback.ui.byte-representation-help
        </small>
      </div>
      <br />
      <div
        class="form-group"
      >
        <label
          class="label-description"
        >
          feedback.ui.appearance
        </label>
        <select
          class="form-select form-select-sm"
          id="appearanceInput"
          title="feedback.ui.appearance-hint"
        >
          <option
            value="fs-6"
          >
            value.ui.appearance-small
          </option>
          <option
            value="fs-5"
          >
            value.ui.appearance-medium
          </option>
          <option
            value="fs-4"
          >
            value.ui.appearance-large
          </option>
        </select>
        <small
          class="form-text text-muted"
          hmtlfor="appearanceInput"
          id="appearanceHelp"
        >
          feedback.ui.appearance-help
        </small>
      </div>
      <br />
      <div
        class="form-group"
      >
        <label
          class="label-description"
        >
          feedback.ui.pagesize-description
        </label>
        <input
          class="form-control form-control-sm"
          disabled=""
          id="pageSizeInput"
          placeholder="feedback.ui.pagesize-hint"
          type="text"
          value=""
        />
        <small
          class="form-text text-muted"
          hmtlfor="pageSizeInput"
          id="pageSizeHelp"
        >
          feedback.ui.pagesize-help
        </small>
      </div>
    </form>
  </div>,
  "debug": [Function],
  "findAllByAltText": [Function],
  "findAllByDisplayValue": [Function],
  "findAllByLabelText": [Function],
  "findAllByPlaceholderText": [Function],
  "findAllByRole": [Function],
  "findAllByTestId": [Function],
  "findAllByText": [Function],
  "findAllByTitle": [Function],
  "findByAltText": [Function],
  "findByDisplayValue": [Function],
  "findByLabelText": [Function],
  "findByPlaceholderText": [Function],
  "findByRole": [Function],
  "findByTestId": [Function],
  "findByText": [Function],
  "findByTitle": [Function],
  "getAllByAltText": [Function],
  "getAllByDisplayValue": [Function],
  "getAllByLabelText": [Function],
  "getAllByPlaceholderText": [Function],
  "getAllByRole": [Function],
  "getAllByTestId": [Function],
  "getAllByText": [Function],
  "getAllByTitle": [Function],
  "getByAltText": [Function],
  "getByDisplayValue": [Function],
  "getByLabelText": [Function],
  "getByPlaceholderText": [Function],
  "getByRole": [Function],
  "getByTestId": [Function],
  "getByText": [Function],
  "getByTitle": [Function],
  "queryAllByAltText": [Function],
  "queryAllByDisplayValue": [Function],
  "queryAllByLabelText": [Function],
  "queryAllByPlaceholderText": [Function],
  "queryAllByRole": [Function],
  "queryAllByTestId": [Function],
  "queryAllByText": [Function],
  "queryAllByTitle": [Function],
  "queryByAltText": [Function],
  "queryByDisplayValue": [Function],
  "queryByLabelText": [Function],
  "queryByPlaceholderText": [Function],
  "queryByRole": [Function],
  "queryByTestId": [Function],
  "queryByText": [Function],
  "queryByTitle": [Function],
  "rerender": [Function],
  "unmount": [Function],
}
`;
